// Jest Snapshot v1, https://goo.gl/fbAQLP

exports[`ErrorModal renders correctly 1`] = `
.c3 {
  background-color: var(--primary-light);
  border-radius: 22px;
  border: none;
  box-shadow: 0 0 4px var(--shadow);
  color: var(--primary-dark);
  font-family: 'Josefin sans';
  font-size: 1.25rem;
  font-weight: 700;
  padding: 12px 16px 8px;
  width: 100%;
}

.c0 {
  background-color: rgba(0,0,0,0.4);
  display: grid;
  place-items: center;
  width: 100%;
  z-index: 10;
}

.c1 {
  background-color: var(--primary-dark);
  border-radius: 20px;
  box-shadow: 4px 4px 10px var(--shadow);
  display: grid;
  gap: 24px;
  padding: 20px;
  place-items: center;
  width: 75%;
}

.c2 {
  color: var(--form-font-color);
  font-size: 1.25rem;
}

.c4 {
  width: 50%;
}

<div
  class="c0"
>
  <div
    class="c1"
  >
    <p
      class="c2"
    >
      LoL Error!
    </p>
    <button
      class="c3 c4"
    >
      Okay
    </button>
  </div>
</div>
`;
