// Jest Snapshot v1, https://goo.gl/fbAQLP

exports[`SettingCareIntervalModal renders correctly 1`] = `
.c6 {
  background-color: var(--primary-light);
  border-radius: 22px;
  border: none;
  box-shadow: 0 0 4px var(--shadow);
  color: var(--primary-dark);
  font-family: 'Josefin sans';
  font-size: 1.25rem;
  font-weight: 700;
  padding: 12px 16px 8px;
  width: 100%;
}

.c0 {
  background-color: rgba(0,0,0,0.4);
  display: grid;
  place-items: center;
  width: 100%;
  z-index: 10;
}

.c1 {
  background-color: var(--primary-dark);
  border-radius: 20px;
  box-shadow: 4px 4px 10px var(--shadow);
  padding: 10px;
  width: 80%;
}

.c2 {
  border: none;
  background-color: transparent;
  width: 24px;
}

.c3 {
  display: grid;
  gap: 20px;
  justify-items: center;
  padding: 14px 10px 10px;
}

.c4 {
  color: var(--form-font-color);
  display: -webkit-box;
  display: -webkit-flex;
  display: -ms-flexbox;
  display: flex;
  -webkit-flex-wrap: wrap;
  -ms-flex-wrap: wrap;
  flex-wrap: wrap;
  font-size: 1.2rem;
  -webkit-box-pack: center;
  -webkit-justify-content: center;
  -ms-flex-pack: center;
  justify-content: center;
  text-align: center;
}

.c5 {
  border-radius: 18px;
  border: none;
  color: var(--form-font-color);
  font-family: 'Josefin sans',sans-serif;
  font-size: 1rem;
  margin-top: 20px;
  padding: 8px 14px;
  width: 40%;
}

.c5:focus {
  box-shadow: 0 0 4px var(--shadow) inset;
  outline: none;
}

.c7 {
  scale: 0.8;
  width: 75%;
}

<div
  class="c0"
>
  <div
    class="c1"
  >
    <button
      class="c2"
    >
      <svg>
        closeicon.svg
      </svg>
    </button>
    <form
      class="c3"
    >
      <label
        class="c4"
      >
        Set your preferred 
        watering
         
        interval (default: 
        10 days
        ):
        <input
          class="c5"
          max="99"
          min="1"
          name="waterInterval"
          placeholder="1-99"
          required=""
          type="number"
        />
      </label>
      <button
        class="c6 c7"
      >
        Save
      </button>
    </form>
  </div>
</div>
`;
