// Jest Snapshot v1, https://goo.gl/fbAQLP

exports[`DetailPage renders correctly 1`] = `
.c22 {
  background-color: var(--primary-light);
  border-radius: 22px;
  border: none;
  box-shadow: 0 0 4px var(--shadow);
  color: var(--primary-dark);
  font-family: 'Josefin sans';
  font-size: 1.25rem;
  font-weight: 700;
  padding: 12px 16px 8px;
  width: 100%;
}

.c0 {
  display: -webkit-box;
  display: -webkit-flex;
  display: -ms-flexbox;
  display: flex;
  -webkit-box-pack: justify;
  -webkit-justify-content: space-between;
  -ms-flex-pack: justify;
  justify-content: space-between;
  width: 100%;
  z-index: 10;
}

.c2 {
  -webkit-align-items: baseline;
  -webkit-box-align: baseline;
  -ms-flex-align: baseline;
  align-items: baseline;
  background: var(--primary-dark);
  border-radius: 0 0 50px 0;
  box-shadow: 0 0 4px var(--shadow);
  display: -webkit-inline-box;
  display: -webkit-inline-flex;
  display: -ms-inline-flexbox;
  display: inline-flex;
  padding: 20px 30px 13px 20px;
}

.c5 {
  color: var(--primary-light);
  font-size: 1.75rem;
  font-weight: 700;
  line-height: 1;
}

.c4 {
  margin-right: 12px;
}

.c6 {
  margin-right: 12px;
}

.c3 {
  background-color: transparent;
  border: none;
}

.c12 {
  display: grid;
  gap: 20px;
  padding: 10px 0 0;
  width: 100%;
}

.c13 {
  display: grid;
  gap: 10px;
}

.c14 {
  background-color: var(--bar-bg-color);
  border-radius: 2px;
  height: 4px;
  position: relative;
  width: 100%;
}

.c15 {
  border-radius: 4px;
  height: 8px;
  min-width: 10px;
  position: absolute;
  top: -2px;
}

.c16 {
  background-color: var(--bar-water-color);
  width: 50%;
}

.c20 {
  background-color: var(--bar-fertilizer-color);
  width: 50%;
}

.c17 {
  display: -webkit-box;
  display: -webkit-flex;
  display: -ms-flexbox;
  display: flex;
  -webkit-box-pack: justify;
  -webkit-justify-content: space-between;
  -ms-flex-pack: justify;
  justify-content: space-between;
}

.c18 {
  color: var(--secondary-plant-font-color);
  font-size: 1rem;
}

.c19 {
  background-color: transparent;
  border: none;
}

.c8 {
  background-image: url(default_plant.jpg);
  background-position: center;
  background-size: cover,contain;
  border-radius: 50%;
  height: 200px;
  width: 200px;
}

.c9 {
  line-height: 1.2;
  text-align: center;
}

.c10 {
  color: var(--primary-plant-font-color);
  font-size: 1.4rem;
  font-weight: 700;
}

.c11 {
  color: var(--secondary-plant-font-color);
  font-size: 1.4rem;
  font-weight: 400;
}

.c1 {
  left: 0;
  position: fixed;
  top: 0;
}

.c7 {
  display: grid;
  gap: 30px;
  padding: 100px 30px 30px;
  place-items: center;
}

.c21 {
  display: grid;
  gap: 20px;
  grid-template-columns: 1fr 1fr;
  padding: 20px 0 0;
  width: 100%;
}

.c23 {
  background-color: var(--primary-dark);
  color: var(--primary-light);
}

<div>
  <header
    class="c0 c1"
  >
    <div
      class="c2"
      data-testid="heading-container"
    >
      <button
        class="c3"
      >
        <svg
          class="c4"
        >
          arrowicon.svg
        </svg>
      </button>
      <h1
        class="c5"
      >
        Carl
      </h1>
    </div>
    <button
      class="c3"
    >
      <svg
        class="c6"
      >
        editicon.svg
      </svg>
    </button>
  </header>
  <section
    class="c7"
  >
    <div
      class="c8"
      data-testid="image-frame"
      src="default_plant.jpg"
    />
    <div
      class="c9"
    >
      <h2
        class="c10"
      >
        Monstera deliciosa
      </h2>
      <h3
        class="c11"
      >
        variegated
      </h3>
    </div>
    <div
      class="c12"
    >
      <div
        class="c13"
      >
        <div
          class="c14"
        >
          <div
            class="c15 c16"
            data-testid="water-indicator"
          />
        </div>
        <div
          class="c17"
        >
          <p
            class="c18"
          >
            Water 
            5
            /
            10
             days left
          </p>
          <button
            class="c19"
            data-testid="water-button"
            name="water"
          >
            <svg>
              settingsicon.svg
            </svg>
          </button>
        </div>
      </div>
      <div
        class="c13"
      >
        <div
          class="c14"
        >
          <div
            class="c15 c20"
            data-testid="fertilizer-indicator"
          />
        </div>
        <div
          class="c17"
        >
          <p
            class="c18"
          >
            Fertilizer 
            2
            /
            4
             weeks left
          </p>
          <button
            class="c19"
            data-testid="fertilizer-button"
            name="fertilizer"
          >
            <svg>
              settingsicon.svg
            </svg>
          </button>
        </div>
      </div>
    </div>
    <div
      class="c21"
    >
      <button
        class="c22 c23"
      >
        Watered
      </button>
      <button
        class="c22 c23"
      >
        Fertilized
      </button>
    </div>
  </section>
</div>
`;
