// Jest Snapshot v1, https://goo.gl/fbAQLP

exports[`LoadingPage renders correctly 1`] = `
.c1 {
  height: 200px;
}

.c2 {
  -webkit-animation: rotate 2s linear infinite;
  animation: rotate 2s linear infinite;
  height: 100px;
  width: 100px;
}

.c2 .path {
  -webkit-animation: dash 1.5s ease-in-out infinite;
  animation: dash 1.5s ease-in-out infinite;
  stroke-linecap: round;
  stroke: var(--primary-light);
}

.c0 {
  background-color: var(--primary-dark);
  display: grid;
  height: 100vh;
  place-items: center;
}

<div>
  <section
    class="c0"
  >
    <svg>
      urbanplantslogo.svg
    </svg>
    <div
      class="c1"
    >
      <svg
        class="c2"
        viewBox="0 0 50 50"
      >
        <circle
          class="path"
          cx="25"
          cy="25"
          fill="none"
          r="20"
          stroke-width="4"
        />
      </svg>
    </div>
  </section>
</div>
`;
