// Jest Snapshot v1, https://goo.gl/fbAQLP

exports[`PlantDetailCard renders correctly 1`] = `
.c0 {
  background-image: url(default_plant.jpg);
  background-position: center;
  background-size: cover,contain;
  border-radius: 50%;
  height: 200px;
  width: 200px;
}

<div
  class="c0"
  src="default_plant.jpg"
/>
`;
